1ITT	chain A: length 7 < 10
6SYJ	chain A: contains unhandled residue(s): 2L6
3B2C	chain A: contains unhandled residue(s): HZP
3AI6	chain A: contains unhandled residue(s): DPR
2G66	chain A: contains unhandled residue(s): HY3
7JX4	chain A: contains unhandled residue(s): NLY
6W47	chain A: contains unhandled residue(s): SAR
6W46	chain A: contains unhandled residue(s): 4BF, GLZ
8Q4E	chain A: contains unhandled residue(s): MSE
8TYS	chain A: Gly fraction 8.52% < 25%
1V6Q	chain A: length 7 < 10
1V4F	chain A: length 7 < 10
1V7H	chain A: length 7 < 10
1A3J	chain A: length 9 < 10
1G9W	chain A: length 9 < 10
9PUG	chain D: contains unhandled residue(s): EZY
4DMU	chain A: internal residue gap 74 > 5
3HSH	chain A: Gly fraction 8.93% < 25%
5NB1	chain A: Gly fraction 7.62% < 25%
9H3D	chain A: Gly fraction 5.26% < 25%
3HR2	chain A: contains unhandled residue(s): LYZ
3HQV	chain A: contains unhandled residue(s): LYZ
1LI1	chain A: Gly fraction 7.46% < 25%
5NAX	chain A: Gly fraction 7.52% < 25%
3DMW	chain A: contains unhandled residue(s): MSE
1A3I	chain A: length 9 < 10
5CVA	chain A: contains unhandled residue(s): MSE
9BNB	chain A: Gly fraction 8.77% < 25%
1O91	chain A: Gly fraction 9.16% < 25%
9BNC	chain A: Gly fraction 10.71% < 25%
1T61	chain A: Gly fraction 7.62% < 25%
5CTI	chain A: Gly fraction 18.18% < 25%
5CTD	chain A: contains unhandled residue(s): MSE
5NAY	chain A: Gly fraction 7.46% < 25%
1M3D	chain A: Gly fraction 7.62% < 25%
9QHL	chain A: Gly fraction 8.78% < 25%
6Q41	chain B: contains unhandled residue(s): NLE
1PK6	chain A: Gly fraction 9.77% < 25%
5CVB	chain A: contains unhandled residue(s): MSE
4NN0	chain A: Gly fraction 8.76% < 25%
6Q3P	chain A: contains unhandled residue(s): NLE
6Q43	chain A: contains unhandled residue(s): NLE
5OCY	chain H: Gly fraction 7.58% < 25%
5OCX	chain L: contains unhandled residue(s): PCA
2JG9	chain A: Gly fraction 9.77% < 25%
2JG8	chain A: Gly fraction 9.77% < 25%
2WNV	chain A: Gly fraction 9.16% < 25%
1M7L	chain A: Gly fraction 10.00% < 25%
2W65	chain A: Gly fraction 7.08% < 25%
5K31	chain A: contains unhandled residue(s): CA
1FIF	chain A: contains unhandled residue(s): CA
1AFD	chain 1: contains unhandled residue(s): CA
3DBZ	chain A: contains unhandled residue(s): CA
3G81	chain A: contains unhandled residue(s): CA
3IKR	chain A: contains unhandled residue(s): CA
3IKN	chain A: contains unhandled residue(s): CA
3IKP	chain A: contains unhandled residue(s): CA
4AE2	chain A: contains unhandled residue(s): CA
1KMB	chain 1: contains unhandled residue(s): CA
1KWU	chain A: contains unhandled residue(s): CA
1KWX	chain A: contains unhandled residue(s): CA
1RTM	chain 1: contains unhandled residue(s): CA
1FIH	chain A: contains unhandled residue(s): CA
1KWT	chain A: contains unhandled residue(s): CA
1AFA	chain 1: contains unhandled residue(s): CA
1AFB	chain 1: contains unhandled residue(s): CA
1BCJ	chain 1: contains unhandled residue(s): CA
1KWW	chain A: contains unhandled residue(s): CA
4AEJ	chain A: contains unhandled residue(s): CA, MSE
3IKQ	chain A: contains unhandled residue(s): CA
1KWV	chain A: contains unhandled residue(s): CA
1BCH	chain 1: contains unhandled residue(s): CA
4QQ2	chain A: Gly fraction 11.45% < 25%
2KA3	chain A: Gly fraction 10.69% < 25%
1B08	chain A: contains unhandled residue(s): CA
1PW9	chain A: contains unhandled residue(s): CA
2GGX	chain A: contains unhandled residue(s): CA
2ORK	chain A: contains unhandled residue(s): CA
2OS9	chain A: contains unhandled residue(s): CA
2RIB	chain A: contains unhandled residue(s): CA
2ORJ	chain A: contains unhandled residue(s): CA
2RID	chain A: contains unhandled residue(s): CA
2OII	chain A: Gly fraction 10.69% < 25%
2RIE	chain A: contains unhandled residue(s): CA
2RIA	chain A: contains unhandled residue(s): CA
9LKK	chain A: contains unhandled residue(s): CA
3TWI	chain A: Gly fraction 13.24% < 25%
9QVU	chain A: contains unhandled residue(s): CA
5YBZ	chain A: Gly fraction 11.03% < 25%
9QW4	chain A: contains unhandled residue(s): CA
3AB0	chain A: Gly fraction 13.24% < 25%
4QQL	chain A: Gly fraction 10.77% < 25%
2D39	chain A: contains unhandled residue(s): CA
7NZE	chain AAA: Gly fraction 3.91% < 25%
2J3O	chain A: contains unhandled residue(s): CA
4YLI	chain A: contains unhandled residue(s): CA
8E3Q	chain A: Gly fraction 5.94% < 25%
1NAY	chain A: Gly fraction 23.21% < 25%
3IPN	chain A: contains unhandled residue(s): FP9, MP8
3JQW	chain A: contains unhandled residue(s): CA
2VRS	chain A: Gly fraction 6.83% < 25%
3VTO	chain A: contains unhandled residue(s): CA
3JQX	chain A: contains unhandled residue(s): CA
3KQG	chain A: contains unhandled residue(s): CA
2BSD	chain A: Gly fraction 9.06% < 25%
1ZRU	chain A: Gly fraction 9.09% < 25%
9U7J	chain a: Gly fraction 3.27% < 25%
4M17	chain A: contains unhandled residue(s): CA
2F0C	chain A: Gly fraction 14.29% < 25%
2FSE	chain A: Gly fraction 4.49% < 25%
1V0E	chain A: Gly fraction 9.16% < 25%
3AQJ	chain A: Gly fraction 11.97% < 25%
8VOL	chain A: Gly fraction 9.90% < 25%
8VOM	chain A: Gly fraction 10.20% < 25%
8VON	chain A: Gly fraction 9.80% < 25%
1AVY	chain A: Gly fraction 7.35% < 25%
8VWY	chain A: Gly fraction 2.80% < 25%
6NIX	chain A: Gly fraction 3.93% < 25%
1V7P	chain A: Gly fraction 5.97% < 25%
5HJ2	chain C: contains unhandled residue(s): CA
6Y23	chain A: Gly fraction 7.21% < 25%
7NZF	chain AAA: Gly fraction 3.89% < 25%
7R58	chain A: Gly fraction 6.63% < 25%
9EN2	chain A: contains unhandled residue(s): CA
4YV3	chain A: contains unhandled residue(s): MSE
3GLE	chain A: Gly fraction 6.71% < 25%
9T3X	chain A: Gly fraction 6.14% < 25%
2VL2	chain A: contains unhandled residue(s): CSO
3P56	chain A: Gly fraction 6.02% < 25%
6FER	chain A: Gly fraction 5.17% < 25%
3GLD	chain A: Gly fraction 7.48% < 25%
3B2M	chain A: Gly fraction 7.48% < 25%
1GK4	chain A: Gly fraction 3.80% < 25%
2VL3	chain A: Gly fraction 11.73% < 25%
3I91	chain A: Gly fraction 3.85% < 25%
4K7N	chain A: Gly fraction 11.80% < 25%
3P5J	chain A: Gly fraction 5.73% < 25%
1JCC	chain A: Gly fraction 0.00% < 25%
5MSY	chain A: Gly fraction 9.41% < 25%
6WV2	chain A: Gly fraction 9.16% < 25%
4K7I	chain A: Gly fraction 11.73% < 25%
4K7O	chain A: Gly fraction 11.73% < 25%
4BT9	chain A: Gly fraction 5.08% < 25%
3KIO	chain A: contains unhandled residue(s): MSE
1HV5	chain A: contains unhandled residue(s): CA
1OC3	chain A: Gly fraction 11.73% < 25%
2Y1V	chain A: contains unhandled residue(s): MSE
4JJ2	chain A: contains unhandled residue(s): ELA
4BTA	chain A: Gly fraction 5.06% < 25%
3KGR	chain A: Gly fraction 6.06% < 25%
1GMY	chain A: contains unhandled residue(s): APD
6YXK	chain A: Gly fraction 8.64% < 25%
8K0M	chain A: Gly fraction 5.29% < 25%
8K0F	chain A: Gly fraction 5.32% < 25%
8K0I	chain A: Gly fraction 4.51% < 25%
3DA0	chain A: Gly fraction 11.36% < 25%
6U66	chain A: contains unhandled residue(s): CA
7P0X	chain A: contains unhandled residue(s): CSO
7PUT	chain A: contains unhandled residue(s): 2CO
4BPV	chain A: Gly fraction 11.87% < 25%
1PDL	chain A: Gly fraction 11.01% < 25%
6DNA	chain A: Gly fraction 7.18% < 25%
2B2X	chain A: Gly fraction 6.38% < 25%
1RGX	chain A: Gly fraction 5.62% < 25%
3GW6	chain A: Gly fraction 8.59% < 25%
2IKQ	chain A: Gly fraction 6.87% < 25%
3LT6	chain A: contains unhandled residue(s): MSE
2H0Q	chain A: Gly fraction 6.90% < 25%
1I8N	chain A: contains unhandled residue(s): ROP
3H7X	chain A: Gly fraction 1.75% < 25%
3LT7	chain A: Gly fraction 0.00% < 25%
1Q3A	chain A: contains unhandled residue(s): CA
8BDW	chain A: Gly fraction 8.42% < 25%
1IHT	chain L: Gly fraction 6.90% < 25%
1LHC	chain L: Gly fraction 3.85% < 25%
1LHD	chain L: Gly fraction 3.85% < 25%
1LHG	chain L: Gly fraction 3.85% < 25%
1QUR	chain L: Gly fraction 3.70% < 25%
1T4U	chain L: Gly fraction 3.85% < 25%
2FEQ	chain L: Gly fraction 3.57% < 25%
2H9T	chain L: Gly fraction 3.57% < 25%
3DA9	chain A: Gly fraction 3.70% < 25%
1AHT	chain L: Gly fraction 3.57% < 25%
1DIT	chain L: Gly fraction 6.90% < 25%
1HBT	chain L: Gly fraction 3.70% < 25%
1IHS	chain L: Gly fraction 6.90% < 25%
1LHF	chain L: Gly fraction 3.85% < 25%
1THR	chain L: Gly fraction 3.85% < 25%
1THS	chain L: Gly fraction 9.09% < 25%
2A2X	chain L: Gly fraction 11.76% < 25%
2ANK	chain H: Gly fraction 8.00% < 25%
2FES	chain L: Gly fraction 9.68% < 25%
1C4V	chain 1: Gly fraction 11.11% < 25%
1C4Y	chain 1: Gly fraction 3.70% < 25%
1HXE	chain L: Gly fraction 3.85% < 25%
1LHE	chain L: Gly fraction 3.85% < 25%
1RFX	chain A: Gly fraction 5.62% < 25%
1MHP	chain A: Gly fraction 6.52% < 25%
2LME	chain A: Gly fraction 11.43% < 25%
2POH	chain A: contains unhandled residue(s): MSE
2HXZ	chain A: Gly fraction 10.60% < 25%
3H8B	chain A: Gly fraction 11.63% < 25%
5QCJ	chain A: Gly fraction 10.86% < 25%
3H89	chain A: Gly fraction 11.63% < 25%
2HPQ	chain L: Gly fraction 6.67% < 25%
1A3B	chain L: Gly fraction 3.70% < 25%
1A5G	chain L: Gly fraction 3.70% < 25%
1A61	chain L: Gly fraction 3.70% < 25%
1ABI	chain L: Gly fraction 9.09% < 25%
1AE8	chain L: Gly fraction 11.11% < 25%
1AFE	chain L: Gly fraction 11.11% < 25%
1AI8	chain L: Gly fraction 3.70% < 25%
1B5G	chain L: Gly fraction 3.45% < 25%
1BA8	chain A: Gly fraction 6.67% < 25%
1BMN	chain L: Gly fraction 3.85% < 25%
1C1U	chain L: Gly fraction 11.11% < 25%
1C1W	chain L: Gly fraction 11.11% < 25%
1D3Q	chain A: Gly fraction 3.57% < 25%
1DWE	chain L: Gly fraction 3.57% < 25%
1FPC	chain L: Gly fraction 3.85% < 25%
1GJ4	chain L: Gly fraction 3.57% < 25%
1GJ5	chain L: Gly fraction 11.11% < 25%
1H8I	chain H: Gly fraction 8.30% < 25%
1HXF	chain L: Gly fraction 3.85% < 25%
1MU8	chain A: Gly fraction 3.85% < 25%
1NO9	chain L: Gly fraction 11.11% < 25%
1O0D	chain L: Gly fraction 11.76% < 25%
1O2G	chain L: Gly fraction 11.11% < 25%
1O5G	chain L: Gly fraction 9.09% < 25%
1QBV	chain L: Gly fraction 3.85% < 25%
1QJ6	chain A: Gly fraction 11.11% < 25%
1QJ7	chain A: Gly fraction 11.11% < 25%
1TBZ	chain L: Gly fraction 4.00% < 25%
1TMU	chain L: Gly fraction 3.57% < 25%
1TOM	chain L: Gly fraction 3.85% < 25%
1TWX	chain A: Gly fraction 3.57% < 25%
1W7G	chain H: Gly fraction 8.33% < 25%
1WBG	chain A: Gly fraction 9.68% < 25%
1YPG	chain L: Gly fraction 3.70% < 25%
1YPJ	chain L: Gly fraction 3.70% < 25%
2BXT	chain H: Gly fraction 7.97% < 25%
2BXU	chain H: Gly fraction 7.97% < 25%
2C93	chain A: Gly fraction 6.90% < 25%
2CN0	chain H: contains unhandled residue(s): CA
2PUX	chain A: Gly fraction 9.30% < 25%
2PW8	chain L: Gly fraction 3.70% < 25%
2UUJ	chain A: Gly fraction 3.57% < 25%
2ZFF	chain L: Gly fraction 3.57% < 25%
2ZFP	chain L: Gly fraction 3.57% < 25%
2ZFQ	chain L: Gly fraction 3.70% < 25%
2ZFR	chain L: Gly fraction 3.57% < 25%
2ZHF	chain L: Gly fraction 3.70% < 25%
2ZIQ	chain L: Gly fraction 3.57% < 25%
2ZNK	chain L: Gly fraction 3.57% < 25%
3EGK	chain L: Gly fraction 3.70% < 25%
3LDX	chain L: Gly fraction 3.85% < 25%
3QTO	chain L: Gly fraction 3.57% < 25%
3RLW	chain L: Gly fraction 3.57% < 25%
3RLY	chain L: Gly fraction 3.57% < 25%
3RM2	chain L: Gly fraction 3.57% < 25%
3SI3	chain L: Gly fraction 3.57% < 25%
3SV2	chain L: Gly fraction 3.57% < 25%
3U9A	chain L: Gly fraction 3.57% < 25%
4AX9	chain H: Gly fraction 8.00% < 25%
4AYV	chain A: Gly fraction 6.67% < 25%
4BAN	chain A: Gly fraction 3.70% < 25%
4E05	chain L: Gly fraction 3.45% < 25%
4UE7	chain H: Gly fraction 8.37% < 25%
4UEH	chain H: Gly fraction 8.37% < 25%
4UFD	chain H: Gly fraction 8.37% < 25%
4UFE	chain H: Gly fraction 8.37% < 25%
4YES	chain A: Gly fraction 6.90% < 25%
5A2M	chain H: Gly fraction 8.00% < 25%
5AF9	chain H: Gly fraction 8.00% < 25%
5GDS	chain L: Gly fraction 11.11% < 25%
5LPD	chain L: Gly fraction 6.45% < 25%
5MJT	chain L: Gly fraction 6.45% < 25%
6T4A	chain L: Gly fraction 3.57% < 25%
6T55	chain L: Gly fraction 3.45% < 25%
6TKJ	chain L: Gly fraction 6.45% < 25%
6TKL	chain L: Gly fraction 11.11% < 25%
6YSJ	chain L: Gly fraction 3.57% < 25%
6YSX	chain L: Gly fraction 3.57% < 25%
6ZGO	chain L: Gly fraction 3.57% < 25%
6ZUN	chain L: Gly fraction 3.70% < 25%
6ZUU	chain L: Gly fraction 3.70% < 25%
6ZV7	chain L: Gly fraction 3.70% < 25%
7AC9	chain L: Gly fraction 3.57% < 25%
1A46	chain L: Gly fraction 3.85% < 25%
1AD8	chain L: Gly fraction 3.57% < 25%
1AIX	chain L: Gly fraction 3.70% < 25%
1AWF	chain L: Gly fraction 3.70% < 25%
1AY6	chain L: Gly fraction 6.90% < 25%
1B7X	chain A: Gly fraction 3.85% < 25%
1BB0	chain A: Gly fraction 3.85% < 25%
1C1V	chain L: Gly fraction 11.11% < 25%
1C4U	chain 1: Gly fraction 6.67% < 25%
1C5N	chain L: Gly fraction 11.11% < 25%
1CA8	chain A: Gly fraction 3.85% < 25%
1D3D	chain A: Gly fraction 3.57% < 25%
1D3P	chain A: Gly fraction 3.57% < 25%
1D3T	chain A: Gly fraction 3.57% < 25%
1D4P	chain A: Gly fraction 3.57% < 25%
1DE7	chain L: Gly fraction 3.57% < 25%
1DWB	chain L: Gly fraction 3.45% < 25%
1G30	chain A: Gly fraction 3.70% < 25%
1G32	chain A: Gly fraction 3.70% < 25%
1GHV	chain L: Gly fraction 11.11% < 25%
1GHW	chain L: Gly fraction 11.11% < 25%
1GHY	chain L: Gly fraction 11.11% < 25%
1H8D	chain H: Gly fraction 8.37% < 25%
1HAH	chain L: Gly fraction 11.11% < 25%
1HGT	chain L: Gly fraction 11.11% < 25%
1KTT	chain A: Gly fraction 3.70% < 25%
1MU6	chain A: Gly fraction 3.85% < 25%
1NU7	chain A: Gly fraction 7.14% < 25%
1OYT	chain L: Gly fraction 3.70% < 25%
1QJ1	chain A: Gly fraction 11.11% < 25%
1VZQ	chain H: contains unhandled residue(s): CA
1WAY	chain A: Gly fraction 6.90% < 25%
1YPE	chain L: Gly fraction 3.70% < 25%
2BVR	chain H: Gly fraction 8.00% < 25%
2BVX	chain H: Gly fraction 7.97% < 25%
2C8W	chain A: Gly fraction 6.90% < 25%
2C8X	chain A: Gly fraction 6.90% < 25%
2C8Y	chain A: Gly fraction 6.90% < 25%
2C8Z	chain A: Gly fraction 6.90% < 25%
2C90	chain A: Gly fraction 6.90% < 25%
2CF8	chain H: contains unhandled residue(s): CA
2CF9	chain H: contains unhandled residue(s): CA
2HPP	chain L: Gly fraction 6.67% < 25%
2JH5	chain C: Gly fraction 3.57% < 25%
2PV9	chain A: Gly fraction 9.30% < 25%
2V3H	chain H: contains unhandled residue(s): CA
2ZC9	chain L: Gly fraction 3.57% < 25%
2ZDV	chain L: Gly fraction 3.57% < 25%
2ZGX	chain L: Gly fraction 3.70% < 25%
2ZHE	chain L: Gly fraction 3.70% < 25%
2ZHQ	chain L: Gly fraction 3.57% < 25%
2ZHW	chain L: Gly fraction 3.70% < 25%
3B23	chain A: Gly fraction 6.90% < 25%
3BF6	chain L: Gly fraction 3.57% < 25%
3BIV	chain L: Gly fraction 3.45% < 25%
3D49	chain L: Gly fraction 3.57% < 25%
3DT0	chain L: Gly fraction 3.85% < 25%
3EDX	chain A: Gly fraction 7.14% < 25%
3F68	chain L: Gly fraction 3.70% < 25%
3QX5	chain L: Gly fraction 3.57% < 25%
3RM0	chain L: Gly fraction 3.57% < 25%
3RML	chain L: Gly fraction 3.57% < 25%
3RMN	chain L: Gly fraction 3.57% < 25%
3SHA	chain L: Gly fraction 3.57% < 25%
3SHC	chain L: Gly fraction 3.57% < 25%
3TU7	chain L: Gly fraction 9.68% < 25%
3U8O	chain L: Gly fraction 6.67% < 25%
3U8R	chain L: Gly fraction 3.70% < 25%
3U8T	chain L: Gly fraction 3.70% < 25%
3U98	chain L: Gly fraction 3.57% < 25%
3UWJ	chain L: Gly fraction 3.57% < 25%
4AZ2	chain A: Gly fraction 6.67% < 25%
4BAH	chain A: Gly fraction 3.45% < 25%
4BAK	chain A: Gly fraction 3.70% < 25%
4BAQ	chain A: Gly fraction 3.70% < 25%
4E06	chain L: Gly fraction 3.57% < 25%
4UDW	chain H: Gly fraction 8.37% < 25%
4UFF	chain H: Gly fraction 8.00% < 25%
4UFG	chain H: Gly fraction 8.37% < 25%
5AFZ	chain H: Gly fraction 8.00% < 25%
5AHG	chain H: Gly fraction 8.40% < 25%
5JFD	chain L: Gly fraction 6.45% < 25%
5JZY	chain L: Gly fraction 6.90% < 25%
5MLS	chain L: Gly fraction 3.57% < 25%
5MM6	chain L: Gly fraction 3.57% < 25%
5NHU	chain L: Gly fraction 11.11% < 25%
6EO8	chain L: Gly fraction 3.85% < 25%
6EO9	chain H: Gly fraction 8.00% < 25%
6ROT	chain L: Gly fraction 3.57% < 25%
6T53	chain L: Gly fraction 3.57% < 25%
6T54	chain L: Gly fraction 3.70% < 25%
6T56	chain L: Gly fraction 6.67% < 25%
6T57	chain L: Gly fraction 3.57% < 25%
6T89	chain L: Gly fraction 3.57% < 25%
6T8A	chain L: Gly fraction 3.57% < 25%
6TDT	chain H: Gly fraction 8.37% < 25%
6TKG	chain L: Gly fraction 11.11% < 25%
6TKH	chain L: Gly fraction 11.11% < 25%
6Y02	chain L: Gly fraction 3.57% < 25%
6YHJ	chain L: Gly fraction 9.09% < 25%
6YN3	chain L: Gly fraction 3.57% < 25%
6ZUG	chain L: Gly fraction 3.70% < 25%
6ZUH	chain L: Gly fraction 3.70% < 25%
6ZUW	chain L: Gly fraction 3.70% < 25%
6ZV8	chain L: Gly fraction 3.70% < 25%
7PHX	chain L: Gly fraction 6.90% < 25%
9C50	chain A: Gly fraction 3.70% < 25%
1A3E	chain L: Gly fraction 3.70% < 25%
1A4W	chain L: Gly fraction 3.85% < 25%
1BCU	chain L: Gly fraction 3.85% < 25%
1BMM	chain L: Gly fraction 7.14% < 25%
1C5L	chain L: Gly fraction 11.11% < 25%
1C5O	chain L: Gly fraction 11.11% < 25%
1DWC	chain L: Gly fraction 3.45% < 25%
1DWD	chain L: Gly fraction 3.45% < 25%
1E0F	chain A: Gly fraction 11.11% < 25%
1GHX	chain L: Gly fraction 11.11% < 25%
1HDT	chain L: Gly fraction 9.09% < 25%
1KTS	chain A: Gly fraction 3.70% < 25%
1MUE	chain A: Gly fraction 3.85% < 25%
1NZQ	chain L: Gly fraction 3.57% < 25%
1QHR	chain A: Gly fraction 11.11% < 25%
1SB1	chain L: Gly fraction 3.45% < 25%
1T4V	chain L: Gly fraction 3.85% < 25%
1UMA	chain L: Gly fraction 11.11% < 25%
1VR1	chain L: Gly fraction 3.70% < 25%
1YPK	chain L: Gly fraction 3.70% < 25%
1YPL	chain L: Gly fraction 3.70% < 25%
1YPM	chain L: Gly fraction 3.70% < 25%
2BVS	chain H: Gly fraction 7.97% < 25%
2GDE	chain L: Gly fraction 3.70% < 25%
2JH0	chain C: Gly fraction 3.57% < 25%
2JH6	chain C: Gly fraction 3.57% < 25%
2R2M	chain A: Gly fraction 3.85% < 25%
2UUF	chain A: Gly fraction 3.57% < 25%
2UUK	chain A: Gly fraction 3.57% < 25%
2V3O	chain H: contains unhandled residue(s): CA
2ZDA	chain L: Gly fraction 3.45% < 25%
2ZF0	chain L: Gly fraction 3.57% < 25%
2ZG0	chain L: Gly fraction 3.70% < 25%
2ZGB	chain L: Gly fraction 3.70% < 25%
2ZI2	chain L: Gly fraction 3.70% < 25%
2ZO3	chain L: Gly fraction 3.70% < 25%
3BIU	chain L: Gly fraction 3.57% < 25%
3BV9	chain A: Gly fraction 3.45% < 25%
3C27	chain A: Gly fraction 3.85% < 25%
3DHK	chain L: Gly fraction 3.70% < 25%
3DUX	chain L: Gly fraction 3.70% < 25%
3EQ0	chain L: Gly fraction 3.70% < 25%
3HTC	chain L: Gly fraction 11.76% < 25%
3P17	chain L: Gly fraction 3.70% < 25%
3QTV	chain L: Gly fraction 3.57% < 25%
3QWC	chain L: Gly fraction 3.57% < 25%
3RMM	chain L: Gly fraction 3.57% < 25%
3RMO	chain L: Gly fraction 3.57% < 25%
3SI4	chain L: Gly fraction 3.57% < 25%
3T5F	chain L: Gly fraction 3.57% < 25%
3UTU	chain L: Gly fraction 3.85% < 25%
4AYY	chain A: Gly fraction 6.67% < 25%
4BAM	chain A: Gly fraction 3.70% < 25%
4E7R	chain L: Gly fraction 3.57% < 25%
4HTC	chain L: Gly fraction 12.12% < 25%
4LOY	chain H: Gly fraction 8.00% < 25%
4LXB	chain H: Gly fraction 8.00% < 25%
4THN	chain L: Gly fraction 11.11% < 25%
4UD9	chain H: Gly fraction 8.27% < 25%
5AFY	chain H: Gly fraction 8.00% < 25%
5L6N	chain L: Gly fraction 6.90% < 25%
5LCE	chain L: Gly fraction 3.57% < 25%
6FJT	chain L: Gly fraction 3.57% < 25%
6GBW	chain L: Gly fraction 3.57% < 25%
6HSX	chain L: Gly fraction 3.57% < 25%
6I51	chain L: Gly fraction 3.57% < 25%
6T3M	chain L: Gly fraction 6.67% < 25%
6T3Q	chain L: Gly fraction 3.45% < 25%
6T52	chain L: Gly fraction 3.57% < 25%
6TKI	chain L: Gly fraction 6.67% < 25%
6YHG	chain L: Gly fraction 6.45% < 25%
6YMP	chain L: Gly fraction 3.57% < 25%
6YQV	chain L: Gly fraction 3.57% < 25%
6ZUX	chain L: Gly fraction 3.70% < 25%
3SHI	chain A: contains unhandled residue(s): CA
5W5G	chain A: Gly fraction 6.87% < 25%
8U5M	chain A: Gly fraction 7.00% < 25%
8U7E	chain A: Gly fraction 6.32% < 25%
1NRN	chain L: Gly fraction 6.90% < 25%
1NRO	chain L: Gly fraction 6.90% < 25%
1NRP	chain L: Gly fraction 6.90% < 25%
1NRQ	chain L: Gly fraction 4.35% < 25%
1NRR	chain L: Gly fraction 3.85% < 25%
3HKI	chain A: Gly fraction 7.50% < 25%
4AXM	chain A: Gly fraction 11.47% < 25%
8TBQ	chain H: Gly fraction 9.87% < 25%
6MVL	chain A: Gly fraction 6.11% < 25%
5HBA	chain A: Gly fraction 8.27% < 25%
3HKJ	chain A: Gly fraction 6.45% < 25%
3KSE	chain A: contains unhandled residue(s): SCH
3BEF	chain A: Gly fraction 6.82% < 25%
3LU9	chain A: Gly fraction 6.82% < 25%
9DVQ	chain A: Gly fraction 5.84% < 25%
9N0K	chain A: Gly fraction 4.76% < 25%
3P6Z	chain A: Gly fraction 6.67% < 25%
3QDZ	chain A: Gly fraction 3.45% < 25%
4DT7	chain A: Gly fraction 9.38% < 25%
4MLF	chain A: Gly fraction 9.38% < 25%
1JOU	chain A: Gly fraction 8.89% < 25%
4CH8	chain A: Gly fraction 3.85% < 25%
9R8Q	chain L: Gly fraction 3.70% < 25%
1BTH	chain L: Gly fraction 9.68% < 25%
4CH2	chain A: Gly fraction 9.38% < 25%
4UXF	chain A: Gly fraction 10.58% < 25%
8UF7	chain A: Gly fraction 5.58% < 25%
8V52	chain A: Gly fraction 4.46% < 25%
1EAK	chain A: contains unhandled residue(s): CA
8RTN	chain L: Gly fraction 11.76% < 25%
2OXZ	chain A: contains unhandled residue(s): CA
7RFO	chain A: contains unhandled residue(s): MSE
6SKB	chain A: Gly fraction 9.42% < 25%
7PVJ	chain A: Gly fraction 8.67% < 25%
1P8V	chain A: contains unhandled residue(s): TYS
3GIS	chain A: Gly fraction 8.70% < 25%
4DY7	chain A: contains unhandled residue(s): CA
7DC8	chain A: Gly fraction 8.02% < 25%
8VSB	chain A: Gly fraction 3.19% < 25%
1DM4	chain A: Gly fraction 9.09% < 25%
1DX5	chain A: Gly fraction 11.11% < 25%
1OS2	chain A: contains unhandled residue(s): CA
1OS9	chain A: contains unhandled residue(s): CA
2J64	chain A: contains unhandled residue(s): CA
1O65	chain A: Gly fraction 7.34% < 25%
1O67	chain A: contains unhandled residue(s): MSE
3A1M	chain A: Gly fraction 14.29% < 25%
3EO1	chain A: Gly fraction 6.98% < 25%
4KHT	chain A: Gly fraction 6.06% < 25%
1C3H	chain A: Gly fraction 7.30% < 25%
1C28	chain A: Gly fraction 5.60% < 25%
1G4K	chain A: contains unhandled residue(s): CA
2J5Z	chain A: contains unhandled residue(s): CA
2J60	chain A: contains unhandled residue(s): CA
1SLQ	chain A: Gly fraction 6.30% < 25%
9AZK	chain A: Gly fraction 9.76% < 25%
2YJF	chain A: Gly fraction 6.53% < 25%
2ADF	chain A: Gly fraction 7.41% < 25%
5TH9	chain L: Gly fraction 6.07% < 25%
6SF6	chain H: Gly fraction 6.48% < 25%
2J0T	chain A: contains unhandled residue(s): CA
6ATI	chain A: Gly fraction 3.89% < 25%
1BUI	chain A: contains unhandled residue(s): 0GJ
3FP7	chain E: contains unhandled residue(s): CA
4QFU	chain A: contains unhandled residue(s): MSE
4UXE	chain A: contains unhandled residue(s): MSE
4UXG	chain A: Gly fraction 10.63% < 25%
7TS0	chain P: Gly fraction 4.05% < 25%
3N2N	chain F: Gly fraction 7.57% < 25%
3DU3	chain L: Gly fraction 11.39% < 25%
6OG4	chain A: Gly fraction 4.82% < 25%
1ICF	chain A: Gly fraction 11.43% < 25%
1GUX	chain A: Gly fraction 3.39% < 25%
5FUC	chain A: Gly fraction 3.29% < 25%
1UEX	chain A: Gly fraction 6.40% < 25%
3ZQK	chain A: contains unhandled residue(s): CA
1IJK	chain A: Gly fraction 3.52% < 25%
8J9K	chain C: Gly fraction 4.74% < 25%
6P2A	chain A: contains unhandled residue(s): ELA
8TEC	chain A: Gly fraction 4.24% < 25%
1U0O	chain A: Gly fraction 6.02% < 25%
1FNS	chain L: Gly fraction 6.07% < 25%
7XGJ	chain A: contains unhandled residue(s): CA
6K3F	chain A: Gly fraction 4.66% < 25%
7TRY	chain P: Gly fraction 3.38% < 25%
2RFE	chain A: Gly fraction 5.59% < 25%
4OKV	chain A: Gly fraction 7.01% < 25%
1OAK	chain L: Gly fraction 6.13% < 25%
1P9M	chain A: Gly fraction 3.69% < 25%
2RLA	chain A: Gly fraction 10.56% < 25%
4OMC	chain A: contains unhandled residue(s): CA
4RYD	chain A: contains unhandled residue(s): CA
9FID	chain A: contains unhandled residue(s): CA
1RLA	chain A: Gly fraction 10.51% < 25%
4OMD	chain A: contains unhandled residue(s): CA
4QXU	chain L: Gly fraction 7.76% < 25%
5JMO	chain A: contains unhandled residue(s): CA
1P8M	chain A: Gly fraction 10.51% < 25%
1P8O	chain A: Gly fraction 10.51% < 25%
1P8P	chain A: Gly fraction 10.51% < 25%
1ZPE	chain A: contains unhandled residue(s): BBC
3E8Z	chain A: Gly fraction 10.71% < 25%
3RLA	chain A: Gly fraction 10.51% < 25%
4RLA	chain A: Gly fraction 10.51% < 25%
5RLA	chain A: Gly fraction 10.51% < 25%
1P8N	chain A: Gly fraction 10.51% < 25%
1P8S	chain A: Gly fraction 10.51% < 25%
1T4P	chain A: Gly fraction 10.51% < 25%
1T4S	chain A: Gly fraction 10.48% < 25%
1T5F	chain A: Gly fraction 10.51% < 25%
1T5G	chain A: Gly fraction 10.48% < 25%
1TA1	chain A: Gly fraction 10.51% < 25%
1TBH	chain A: Gly fraction 10.51% < 25%
1TBJ	chain A: Gly fraction 10.51% < 25%
1TBL	chain A: Gly fraction 10.51% < 25%
3E9B	chain A: contains unhandled residue(s): S2C
4P3C	chain H: Gly fraction 8.26% < 25%
1HQF	chain A: contains unhandled residue(s): HAR
1HQG	chain A: contains unhandled residue(s): CME, ORN
1HQH	chain A: contains unhandled residue(s): NNH
1HQX	chain A: Gly fraction 10.51% < 25%
1P8Q	chain A: Gly fraction 10.51% < 25%
1R1O	chain A: Gly fraction 10.51% < 25%
1T4R	chain A: Gly fraction 10.51% < 25%
1T4T	chain A: contains unhandled residue(s): DIR
1ZPG	chain A: contains unhandled residue(s): BPE
3E8Q	chain A: Gly fraction 10.71% < 25%
4P3D	chain A: Gly fraction 8.26% < 25%
4MCY	chain A: Gly fraction 3.91% < 25%
4MCZ	chain A: Gly fraction 3.91% < 25%
6BIR	chain A: Gly fraction 3.95% < 25%
1O9K	chain A: Gly fraction 3.61% < 25%
4FFV	chain A: Gly fraction 5.23% < 25%
2PJY	chain A: Gly fraction 4.46% < 25%
2AGH	chain A: Gly fraction 4.00% < 25%
4CNI	chain A: Gly fraction 8.64% < 25%
4ZS7	chain A: Gly fraction 2.88% < 25%
8YWR	chain A: Gly fraction 2.94% < 25%
4O9H	chain A: Gly fraction 2.63% < 25%
8YWQ	chain H: Gly fraction 7.80% < 25%
4PZ3	chain A: Gly fraction 6.00% < 25%
5H1X	chain A: Gly fraction 2.08% < 25%
2RL0	chain A: Gly fraction 12.36% < 25%
5F1N	chain A: Gly fraction 8.36% < 25%
6MSV	chain A: Gly fraction 10.47% < 25%
8PEQ	chain A: Gly fraction 6.20% < 25%
3MJK	chain A: Gly fraction 0.78% < 25%
4FFW	chain A: Gly fraction 5.23% < 25%
6PB1	chain P: contains unhandled residue(s): PLM
6PB0	chain R: contains unhandled residue(s): PLM
3N5U	chain A: Gly fraction 7.48% < 25%
2RKZ	chain A: Gly fraction 14.61% < 25%
3DTS	chain L: Gly fraction 11.39% < 25%
3DUQ	chain L: Gly fraction 11.39% < 25%
3T97	chain B: Gly fraction 0.00% < 25%
13FJ	chain A: Gly fraction 4.46% < 25%
5VTA	chain A: Gly fraction 5.22% < 25%
8VSC	chain A: Gly fraction 4.71% < 25%
5OKC	chain A: contains unhandled residue(s): MSE
2AZE	chain A: Gly fraction 4.03% < 25%
6CLZ	chain A: Gly fraction 9.69% < 25%
6CM1	chain A: Gly fraction 9.69% < 25%
8B7H	chain L: Gly fraction 5.48% < 25%
3KFD	chain A: Gly fraction 4.46% < 25%
5KYN	chain A: Gly fraction 6.44% < 25%
5N47	chain A: Gly fraction 5.56% < 25%
1G88	chain A: Gly fraction 7.24% < 25%
1DD1	chain A: Gly fraction 7.24% < 25%
1PDG	chain A: Gly fraction 1.15% < 25%
5KYU	chain A: Gly fraction 6.42% < 25%
1U7F	chain A: contains unhandled residue(s): SEP
4QCI	chain A: Gly fraction 7.77% < 25%
6T9E	chain AAA: Gly fraction 11.00% < 25%
6V65	chain A: Gly fraction 6.36% < 25%
6V6F	chain A: Gly fraction 6.36% < 25%
5KYW	chain A: Gly fraction 6.44% < 25%
4HRE	chain A: Gly fraction 5.62% < 25%
5C4V	chain A: Gly fraction 7.29% < 25%
6YW3	chain A: Gly fraction 9.87% < 25%
7RCO	chain A: Gly fraction 3.60% < 25%
8TR7	chain A: contains unhandled residue(s): PLM
8TR8	chain A: contains unhandled residue(s): PLM
8TRB	chain A: contains unhandled residue(s): PLM
9E3Q	chain A: contains unhandled residue(s): PLM
4P6Z	chain G: Gly fraction 4.26% < 25%
8TR6	chain A: contains unhandled residue(s): PLM
8TRA	chain A: contains unhandled residue(s): PLM
8TRK	chain A: contains unhandled residue(s): PLM
8TR5	chain A: contains unhandled residue(s): PLM
8TRJ	chain A: contains unhandled residue(s): PLM
8V4S	chain A: contains unhandled residue(s): PLM
4KXZ	chain A: Gly fraction 3.57% < 25%
6XM2	chain A: Gly fraction 8.29% < 25%
1U7V	chain A: contains unhandled residue(s): SEP
5TX6	chain B: Gly fraction 4.35% < 25%
6CM9	chain L: Gly fraction 10.00% < 25%
6MAC	chain A: Gly fraction 7.41% < 25%
2HDX	chain A: Gly fraction 10.19% < 25%
7UX3	chain C: Gly fraction 7.78% < 25%
8F88	chain A: Gly fraction 4.73% < 25%
4GL9	chain A: contains unhandled residue(s): PTR
3T4F	exact sequence duplicate of 6VZX (kept res=1.37 Å, asu_chains=3)
9I99	exact sequence duplicate of 9IBU (kept res=1.25 Å, asu_chains=6)
9I9A	exact sequence duplicate of 9IBU (kept res=1.25 Å, asu_chains=6)
5Y45	exact sequence duplicate of 5Y46 (kept res=1.03 Å, asu_chains=3)
